com/gdxsoft/web/uploadResources/UploadResourcesCached.class
com/gdxsoft/web/weixin/WeiXinWebSocket.class
com/gdxsoft/web/dao/SysMessageInfo.class
com/gdxsoft/web/dao/LogMainDao.class
com/gdxsoft/web/acl/AdminImpl.class
com/gdxsoft/web/dao/WebUser.class
com/gdxsoft/web/module/HtModCustomer.class
com/gdxsoft/web/schedule/Execute.class
com/gdxsoft/api/JwtUtils.class
com/gdxsoft/web/acl/Login.class
com/gdxsoft/web/weixin/WeiXinBindAdm.class
com/gdxsoft/web/shortUrl/UrlShort.class
com/gdxsoft/web/user/ValidBase.class
com/gdxsoft/chatRoom/sdk/ServerSdk.class
com/gdxsoft/web/weixin/WeiXinBase.class
com/gdxsoft/web/dao/WebUserFpwdDao.class
com/gdxsoft/web/message/email/MsgUtils.class
com/gdxsoft/web/dao/BasTagDao.class
com/gdxsoft/chatRoom/sdk/ClientSdk.class
com/gdxsoft/web/module/HtModBackAdmin.class
com/gdxsoft/project/ProjectBase.class
com/gdxsoft/web/dao/AdmMenu.class
com/gdxsoft/web/user/SmsValid.class
com/gdxsoft/web/log/LogOaReq.class
com/gdxsoft/api/Auth.class
com/gdxsoft/message/sms/SmsBase.class
com/gdxsoft/web/dao/OaPrj.class
com/gdxsoft/web/dao/SrvCatLst.class
com/gdxsoft/web/message/email/Trace.class
com/gdxsoft/web/qrcode/QRCode.class
com/gdxsoft/web/dao/SysDefault.class
com/gdxsoft/web/doc/DocPage.class
com/gdxsoft/chatRoom/dao/ChatAcl.class
com/gdxsoft/web/schedule/Schedules.class
com/gdxsoft/spider/SpiderNewsList.class
com/gdxsoft/web/doc/DocTmpGrp.class
com/gdxsoft/project/ProjectTemplate.class
com/gdxsoft/dev/CreateWebLinks.class
com/gdxsoft/project/ProjectTemplateMark.class
com/gdxsoft/web/fileViewer/BinToPhy.class
com/gdxsoft/web/job/JobMailBounce.class
com/gdxsoft/web/message/sms/SendSms.class
com/gdxsoft/web/dao/SysMessageInfoDao.class
com/gdxsoft/web/dao/NwsCat.class
com/gdxsoft/web/domain/IDomain.class
com/gdxsoft/chatRoom/dao/ChatUser.class
com/gdxsoft/chatRoom/dao/ChatTopic.class
com/gdxsoft/web/dao/SysMessageInfoFaceback.class
com/gdxsoft/web/http/HttpQRCode.class
com/gdxsoft/web/doc/DocValMain.class
com/gdxsoft/web/dao/OaPrjAdmDao.class
com/gdxsoft/web/app/IApp2Cfg.class
com/gdxsoft/web/dao/GrpMainDao.class
com/gdxsoft/chatRoom/dao/ChatAclDao.class
com/gdxsoft/message/sms/SmsTencentImpl.class
com/gdxsoft/web/message/email/SendMessage.class
com/gdxsoft/web/dao/NwsMain.class
com/gdxsoft/web/dao/OaReqDao.class
com/gdxsoft/web/dao/OaPrjReq.class
com/gdxsoft/project/PrjGroupFromTmp.class
com/gdxsoft/web/weixin/WeiXinBindCustomer.class
com/gdxsoft/web/uploadResources/UploadResources.class
com/gdxsoft/web/dao/WxUser.class
com/gdxsoft/web/module/HtModule.class
com/gdxsoft/web/dao/SupMain.class
com/gdxsoft/web/dao/AdmAclMnu.class
com/gdxsoft/project/ProjectOaReqLog.class
com/gdxsoft/web/dao/ApiMainDao.class
com/gdxsoft/web/weixin/WeiXinPostMsgHandle.class
com/gdxsoft/web/log/LogOaPrj.class
com/gdxsoft/chatRoom/sdk/ClientChatUserGroup.class
com/gdxsoft/spider/SpiderLink.class
com/gdxsoft/web/module/HtModWeb.class
com/gdxsoft/project/ProjectMain.class
com/gdxsoft/chatRoom/dao/ChatRoom.class
com/gdxsoft/web/dao/WebUserFpwd.class
com/gdxsoft/web/shortUrl/ShortUrl.class
com/gdxsoft/chatRoom/dao/ChatRoom4New.class
com/gdxsoft/web/dao/SiteMain.class
com/gdxsoft/web/dao/LogMain.class
com/gdxsoft/web/site/Site.class
com/gdxsoft/spider/Spider.class
com/gdxsoft/web/dao/SiteNavCatDao.class
com/gdxsoft/web/job/JobSms.class
com/gdxsoft/web/http/HttpShortUrlVerify.class
com/gdxsoft/spider/Esl.class
com/gdxsoft/web/acl/BusinessImpl.class
com/gdxsoft/project/ProjectManager.class
com/gdxsoft/chatRoom/sdk/ClientChatWsImpl.class
com/gdxsoft/web/weixin/WeiXinRedPackage.class
com/gdxsoft/web/module/HtModules.class
com/gdxsoft/web/doc/DocMain.class
com/gdxsoft/web/dao/SysMessageInfoFacebackDao.class
com/gdxsoft/web/dao/NwsCatDao.class
com/gdxsoft/web/http/HttpOaSysAttView.class
com/gdxsoft/chatRoom/dao/ChatCntDao.class
com/gdxsoft/web/dao/AdmUser.class
com/gdxsoft/chatRoom/dao/ChatCnt.class
com/gdxsoft/project/ProjectCalc.class
com/gdxsoft/chatRoom/dao/ChatRoomDao.class
com/gdxsoft/chatRoom/dao/ChatTopicDao.class
com/gdxsoft/web/dao/BasTag.class
com/gdxsoft/web/acl/AclBase.class
com/gdxsoft/web/weixin/WeiXin.class
com/gdxsoft/web/user/RegisterOrLogin.class
com/gdxsoft/web/doc/EwaDoc.class
com/gdxsoft/spider/SpiderBase.class
com/gdxsoft/web/domain/DomainAli.class
com/gdxsoft/web/doc/DocUtils.class
com/gdxsoft/web/doc/DocCreate.class
com/gdxsoft/web/dao/NwsMainDao.class
com/gdxsoft/web/message/email/SendSysMessageInfoMail.class
com/gdxsoft/web/dao/OaPrjMarkDao.class
com/gdxsoft/web/http/HttpFileViewBase.class
com/gdxsoft/web/http/HttpOaFileView.class
com/gdxsoft/web/dao/WebUserLevelDao.class
com/gdxsoft/web/qrcode/QRCodeWeb.class
com/gdxsoft/web/dao/AdmUserDao.class
com/gdxsoft/message/sms/SmsAliImpl.class
com/gdxsoft/web/job/JobOaReq.class
com/gdxsoft/project/ProjectNodeData.class
com/gdxsoft/web/module/HtModBusiness.class
com/gdxsoft/project/ProjectNodes.class
com/gdxsoft/web/dao/AdmMenuDao.class
com/gdxsoft/web/dao/OaPrjCheckLastDao.class
com/gdxsoft/chatRoom/EwaAcl.class
com/gdxsoft/web/schedule/Schedule.class
com/gdxsoft/web/http/HttpUploadResource.class
com/gdxsoft/web/job/JobCheckAndSendMessages.class
com/gdxsoft/web/job/OaReqMails.class
com/gdxsoft/web/app/App.class
com/gdxsoft/web/fileViewer/OAFileView.class
com/gdxsoft/web/http/IHttp.class
com/gdxsoft/web/weixin/WeiXinLocal.class
com/gdxsoft/web/doc/DocTmpDao.class
com/gdxsoft/web/uploadResources/UploadResource.class
com/google/zxing/client/j2se/MatrixToImageWriter.class
com/gdxsoft/web/app/AppMini.class
com/gdxsoft/web/dao/SiteNavCat.class
com/gdxsoft/spider/SpiderNewsContent.class
com/gdxsoft/web/dao/NwsRMainCatDao.class
com/gdxsoft/web/dao/City.class
com/gdxsoft/project/PrjFromTmpBase.class
com/gdxsoft/web/app/App2CfgBase.class
com/gdxsoft/web/dao/OaReq.class
com/gdxsoft/web/log/LogConsumer.class
com/gdxsoft/chatRoom/dao/ChatAtt.class
com/gdxsoft/web/dao/SmsJob.class
com/gdxsoft/web/doc/EwaDocPart.class
com/gdxsoft/web/dao/OaPrjAdm.class
com/gdxsoft/web/dao/OaPrjCheckLast.class
com/gdxsoft/web/user/DoLogin.class
com/gdxsoft/web/dao/WebUserDao.class
com/gdxsoft/web/dao/GrpMain.class
com/gdxsoft/web/doc/DocTmp.class
com/gdxsoft/message/sms/SmsMyMobKit.class
com/gdxsoft/message/sms/ISms.class
com/gdxsoft/web/http/HttpShortUrl.class
com/gdxsoft/web/job/JobMailSender.class
com/gdxsoft/web/dao/OaPrjMark.class
com/gdxsoft/project/PrjAnnualSalesFromTmp.class
com/gdxsoft/web/dao/NwsRMainCat.class
com/gdxsoft/web/dao/SupMainDao.class
com/gdxsoft/web/acl/BackAdminImpl.class
com/gdxsoft/web/dao/SysDefaultDao.class
com/gdxsoft/web/dao/OaPrjDao.class
com/gdxsoft/web/weixin/QyWeiXin.class
com/gdxsoft/web/dao/SiteMainDao.class
com/gdxsoft/web/dao/SmsJobDao.class
com/gdxsoft/chatRoom/dao/ChatUserDao.class
com/google/zxing/client/j2se/MatrixToImageConfig.class
com/gdxsoft/web/weixin/WxMiniQrCode.class
com/gdxsoft/api/AuthUser.class
com/gdxsoft/web/site/SiteNews.class
com/gdxsoft/web/dao/OaPrjReqDao.class
com/gdxsoft/chatRoom/dao/ChatAttDao.class
com/gdxsoft/web/message/email/Outlook.class
com/gdxsoft/web/dao/AdmAclMnuDao.class
com/gdxsoft/web/log/LogBase.class
com/gdxsoft/web/uploadResources/UploadResourcesCached$Entry.class
com/gdxsoft/web/dao/WxUserDao.class
com/gdxsoft/web/acl/CustomerImpl.class
com/gdxsoft/project/ProjectTemplateValueExp.class
com/gdxsoft/web/shortUrl/UrlShortDao.class
com/gdxsoft/web/log/EwaScriptLog.class
com/gdxsoft/web/job/JobMailScan.class
com/gdxsoft/web/job/JobBase.class
com/gdxsoft/web/dao/CityDao.class
com/gdxsoft/web/dao/ApiMain.class
com/gdxsoft/project/ProjectTemplateTask.class
com/gdxsoft/web/dao/WebUserLevel.class
com/gdxsoft/web/dao/SrvCatLstDao.class
