/Users/admin/java/com.gdxsoft/emp-script-web/src/main/java/com/gdxsoft/web/doc/DocTmpDao.java
/Users/admin/java/com.gdxsoft/emp-script-web/src/main/java/com/gdxsoft/web/dao/AdmUser.java
/Users/admin/java/com.gdxsoft/emp-script-web/src/main/java/com/gdxsoft/chatRoom/dao/ChatAclDao.java
/Users/admin/java/com.gdxsoft/emp-script-web/src/main/java/com/gdxsoft/web/fileViewer/BinToPhy.java
/Users/admin/java/com.gdxsoft/emp-script-web/src/main/java/com/gdxsoft/web/message/email/SendSysMessageInfoMail.java
/Users/admin/java/com.gdxsoft/emp-script-web/src/main/java/com/gdxsoft/web/dao/OaPrjAdm.java
/Users/admin/java/com.gdxsoft/emp-script-web/src/main/java/com/gdxsoft/web/dao/BasTag.java
/Users/admin/java/com.gdxsoft/emp-script-web/src/main/java/com/gdxsoft/web/dao/ApiMain.java
/Users/admin/java/com.gdxsoft/emp-script-web/src/main/java/com/gdxsoft/web/acl/AdminImpl.java
/Users/admin/java/com.gdxsoft/emp-script-web/src/main/java/com/gdxsoft/web/log/LogOaReq.java
/Users/admin/java/com.gdxsoft/emp-script-web/src/main/java/com/gdxsoft/chatRoom/dao/ChatAttDao.java
/Users/admin/java/com.gdxsoft/emp-script-web/src/main/java/com/gdxsoft/web/doc/DocTmpGrp.java
/Users/admin/java/com.gdxsoft/emp-script-web/src/main/java/com/gdxsoft/web/job/JobMailSender.java
/Users/admin/java/com.gdxsoft/emp-script-web/src/main/java/com/gdxsoft/web/app/IApp2Cfg.java
/Users/admin/java/com.gdxsoft/emp-script-web/src/main/java/com/gdxsoft/web/qrcode/QRCode.java
/Users/admin/java/com.gdxsoft/emp-script-web/src/main/java/com/gdxsoft/chatRoom/sdk/ServerSdk.java
/Users/admin/java/com.gdxsoft/emp-script-web/src/main/java/com/gdxsoft/web/module/HtModules.java
/Users/admin/java/com.gdxsoft/emp-script-web/src/main/java/com/gdxsoft/web/user/SmsValid.java
/Users/admin/java/com.gdxsoft/emp-script-web/src/main/java/com/gdxsoft/web/dao/SysMessageInfoFacebackDao.java
/Users/admin/java/com.gdxsoft/emp-script-web/src/main/java/com/gdxsoft/web/message/email/Trace.java
/Users/admin/java/com.gdxsoft/emp-script-web/src/main/java/com/gdxsoft/web/weixin/WeiXinLocal.java
/Users/admin/java/com.gdxsoft/emp-script-web/src/main/java/com/gdxsoft/web/module/HtModBackAdmin.java
/Users/admin/java/com.gdxsoft/emp-script-web/src/main/java/com/gdxsoft/web/shortUrl/ShortUrl.java
/Users/admin/java/com.gdxsoft/emp-script-web/src/main/java/com/gdxsoft/web/module/HtModCustomer.java
/Users/admin/java/com.gdxsoft/emp-script-web/src/main/java/com/gdxsoft/project/ProjectTemplate.java
/Users/admin/java/com.gdxsoft/emp-script-web/src/main/java/com/gdxsoft/web/weixin/WeiXinWebSocket.java
/Users/admin/java/com.gdxsoft/emp-script-web/src/main/java/com/gdxsoft/web/weixin/WeiXin.java
/Users/admin/java/com.gdxsoft/emp-script-web/src/main/java/com/gdxsoft/web/weixin/WeiXinBindCustomer.java
/Users/admin/java/com.gdxsoft/emp-script-web/src/main/java/com/gdxsoft/web/module/HtModBusiness.java
/Users/admin/java/com.gdxsoft/emp-script-web/src/main/java/com/gdxsoft/web/dao/NwsRMainCatDao.java
/Users/admin/java/com.gdxsoft/emp-script-web/src/main/java/com/gdxsoft/web/dao/OaPrjCheckLastDao.java
/Users/admin/java/com.gdxsoft/emp-script-web/src/main/java/com/gdxsoft/web/uploadResources/UploadResource.java
/Users/admin/java/com.gdxsoft/emp-script-web/src/main/java/com/gdxsoft/web/acl/BusinessImpl.java
/Users/admin/java/com.gdxsoft/emp-script-web/src/main/java/com/gdxsoft/web/dao/SysMessageInfoDao.java
/Users/admin/java/com.gdxsoft/emp-script-web/src/main/java/com/gdxsoft/web/acl/BackAdminImpl.java
/Users/admin/java/com.gdxsoft/emp-script-web/src/main/java/com/gdxsoft/web/dao/OaPrjMark.java
/Users/admin/java/com.gdxsoft/emp-script-web/src/main/java/com/gdxsoft/api/AuthUser.java
/Users/admin/java/com.gdxsoft/emp-script-web/src/main/java/com/gdxsoft/project/ProjectNodes.java
/Users/admin/java/com.gdxsoft/emp-script-web/src/main/java/com/gdxsoft/web/log/LogBase.java
/Users/admin/java/com.gdxsoft/emp-script-web/src/main/java/com/gdxsoft/web/dao/SiteNavCat.java
/Users/admin/java/com.gdxsoft/emp-script-web/src/main/java/com/gdxsoft/web/dao/SrvCatLst.java
/Users/admin/java/com.gdxsoft/emp-script-web/src/main/java/com/gdxsoft/web/weixin/WeiXinBase.java
/Users/admin/java/com.gdxsoft/emp-script-web/src/main/java/com/gdxsoft/web/job/JobBase.java
/Users/admin/java/com.gdxsoft/emp-script-web/src/main/java/com/gdxsoft/project/ProjectMain.java
/Users/admin/java/com.gdxsoft/emp-script-web/src/main/java/com/gdxsoft/web/message/email/SendMessage.java
/Users/admin/java/com.gdxsoft/emp-script-web/src/main/java/com/gdxsoft/project/ProjectTemplateTask.java
/Users/admin/java/com.gdxsoft/emp-script-web/src/main/java/com/gdxsoft/chatRoom/dao/ChatAcl.java
/Users/admin/java/com.gdxsoft/emp-script-web/src/main/java/com/gdxsoft/web/dao/AdmUserDao.java
/Users/admin/java/com.gdxsoft/emp-script-web/src/main/java/com/gdxsoft/web/dao/City.java
/Users/admin/java/com.gdxsoft/emp-script-web/src/main/java/com/gdxsoft/project/ProjectOaReqLog.java
/Users/admin/java/com.gdxsoft/emp-script-web/src/main/java/com/gdxsoft/spider/Esl.java
/Users/admin/java/com.gdxsoft/emp-script-web/src/main/java/com/gdxsoft/web/dao/OaPrjMarkDao.java
/Users/admin/java/com.gdxsoft/emp-script-web/src/main/java/com/gdxsoft/web/weixin/WeiXinBindAdm.java
/Users/admin/java/com.gdxsoft/emp-script-web/src/main/java/com/gdxsoft/web/log/EwaScriptLog.java
/Users/admin/java/com.gdxsoft/emp-script-web/src/main/java/com/gdxsoft/web/doc/EwaDocPart.java
/Users/admin/java/com.gdxsoft/emp-script-web/src/main/java/com/gdxsoft/project/PrjAnnualSalesFromTmp.java
/Users/admin/java/com.gdxsoft/emp-script-web/src/main/java/com/gdxsoft/web/dao/SrvCatLstDao.java
/Users/admin/java/com.gdxsoft/emp-script-web/src/main/java/com/gdxsoft/web/schedule/Execute.java
/Users/admin/java/com.gdxsoft/emp-script-web/src/main/java/com/gdxsoft/web/dao/NwsCat.java
/Users/admin/java/com.gdxsoft/emp-script-web/src/main/java/com/gdxsoft/chatRoom/dao/ChatUserDao.java
/Users/admin/java/com.gdxsoft/emp-script-web/src/main/java/com/gdxsoft/web/dao/SysDefault.java
/Users/admin/java/com.gdxsoft/emp-script-web/src/main/java/com/gdxsoft/project/ProjectNodeData.java
/Users/admin/java/com.gdxsoft/emp-script-web/src/main/java/com/gdxsoft/web/schedule/Schedules.java
/Users/admin/java/com.gdxsoft/emp-script-web/src/main/java/com/gdxsoft/web/dao/BasTagDao.java
/Users/admin/java/com.gdxsoft/emp-script-web/src/main/java/com/gdxsoft/web/doc/DocCreate.java
/Users/admin/java/com.gdxsoft/emp-script-web/src/main/java/com/gdxsoft/web/dao/WebUserFpwdDao.java
/Users/admin/java/com.gdxsoft/emp-script-web/src/main/java/com/gdxsoft/web/dao/AdmMenu.java
/Users/admin/java/com.gdxsoft/emp-script-web/src/main/java/com/gdxsoft/web/dao/AdmAclMnu.java
/Users/admin/java/com.gdxsoft/emp-script-web/src/main/java/com/gdxsoft/web/site/SiteNews.java
/Users/admin/java/com.gdxsoft/emp-script-web/src/main/java/com/gdxsoft/project/ProjectCalc.java
/Users/admin/java/com.gdxsoft/emp-script-web/src/main/java/com/gdxsoft/dev/CreateWebLinks.java
/Users/admin/java/com.gdxsoft/emp-script-web/src/main/java/com/gdxsoft/spider/SpiderNewsContent.java
/Users/admin/java/com.gdxsoft/emp-script-web/src/main/java/com/gdxsoft/project/ProjectTemplateValueExp.java
/Users/admin/java/com.gdxsoft/emp-script-web/src/main/java/com/gdxsoft/chatRoom/sdk/ClientChatUserGroup.java
/Users/admin/java/com.gdxsoft/emp-script-web/src/main/java/com/gdxsoft/web/module/HtModWeb.java
/Users/admin/java/com.gdxsoft/emp-script-web/src/main/java/com/gdxsoft/web/dao/OaPrjReqDao.java
/Users/admin/java/com.gdxsoft/emp-script-web/src/main/java/com/gdxsoft/web/job/JobOaReq.java
/Users/admin/java/com.gdxsoft/emp-script-web/src/main/java/com/gdxsoft/web/message/email/MsgUtils.java
/Users/admin/java/com.gdxsoft/emp-script-web/src/main/java/com/gdxsoft/web/weixin/WxMiniQrCode.java
/Users/admin/java/com.gdxsoft/emp-script-web/src/main/java/com/gdxsoft/web/fileViewer/OAFileView.java
/Users/admin/java/com.gdxsoft/emp-script-web/src/main/java/com/gdxsoft/web/qrcode/QRCodeWeb.java
/Users/admin/java/com.gdxsoft/emp-script-web/src/main/java/com/gdxsoft/chatRoom/dao/ChatCnt.java
/Users/admin/java/com.gdxsoft/emp-script-web/src/main/java/com/gdxsoft/web/dao/NwsMainDao.java
/Users/admin/java/com.gdxsoft/emp-script-web/src/main/java/com/gdxsoft/web/doc/EwaDoc.java
/Users/admin/java/com.gdxsoft/emp-script-web/src/main/java/com/gdxsoft/web/uploadResources/UploadResourcesCached.java
/Users/admin/java/com.gdxsoft/emp-script-web/src/main/java/com/gdxsoft/web/job/OaReqMails.java
/Users/admin/java/com.gdxsoft/emp-script-web/src/main/java/com/gdxsoft/spider/Spider.java
/Users/admin/java/com.gdxsoft/emp-script-web/src/main/java/com/gdxsoft/web/user/ValidBase.java
/Users/admin/java/com.gdxsoft/emp-script-web/src/main/java/com/gdxsoft/web/acl/AclBase.java
/Users/admin/java/com.gdxsoft/emp-script-web/src/main/java/com/google/zxing/client/j2se/MatrixToImageWriter.java
/Users/admin/java/com.gdxsoft/emp-script-web/src/main/java/com/gdxsoft/chatRoom/sdk/ClientSdk.java
/Users/admin/java/com.gdxsoft/emp-script-web/src/main/java/com/gdxsoft/web/dao/NwsRMainCat.java
/Users/admin/java/com.gdxsoft/emp-script-web/src/main/java/com/gdxsoft/web/dao/WebUser.java
/Users/admin/java/com.gdxsoft/emp-script-web/src/main/java/com/gdxsoft/web/app/AppMini.java
/Users/admin/java/com.gdxsoft/emp-script-web/src/main/java/com/gdxsoft/web/doc/DocMain.java
/Users/admin/java/com.gdxsoft/emp-script-web/src/main/java/com/gdxsoft/web/dao/SysMessageInfoFaceback.java
/Users/admin/java/com.gdxsoft/emp-script-web/src/main/java/com/gdxsoft/web/dao/ApiMainDao.java
/Users/admin/java/com.gdxsoft/emp-script-web/src/main/java/com/gdxsoft/web/dao/WebUserDao.java
/Users/admin/java/com.gdxsoft/emp-script-web/src/main/java/com/gdxsoft/web/http/HttpFileViewBase.java
/Users/admin/java/com.gdxsoft/emp-script-web/src/main/java/com/gdxsoft/chatRoom/dao/ChatRoomDao.java
/Users/admin/java/com.gdxsoft/emp-script-web/src/main/java/com/gdxsoft/web/shortUrl/UrlShortDao.java
/Users/admin/java/com.gdxsoft/emp-script-web/src/main/java/com/gdxsoft/chatRoom/dao/ChatUser.java
/Users/admin/java/com.gdxsoft/emp-script-web/src/main/java/com/gdxsoft/chatRoom/dao/ChatAtt.java
/Users/admin/java/com.gdxsoft/emp-script-web/src/main/java/com/gdxsoft/web/dao/SysDefaultDao.java
/Users/admin/java/com.gdxsoft/emp-script-web/src/main/java/com/gdxsoft/web/doc/DocUtils.java
/Users/admin/java/com.gdxsoft/emp-script-web/src/main/java/com/gdxsoft/spider/SpiderLink.java
/Users/admin/java/com.gdxsoft/emp-script-web/src/main/java/com/gdxsoft/message/sms/SmsMyMobKit.java
/Users/admin/java/com.gdxsoft/emp-script-web/src/main/java/com/gdxsoft/web/dao/NwsCatDao.java
/Users/admin/java/com.gdxsoft/emp-script-web/src/main/java/com/gdxsoft/spider/SpiderBase.java
/Users/admin/java/com.gdxsoft/emp-script-web/src/main/java/com/gdxsoft/web/dao/OaReq.java
/Users/admin/java/com.gdxsoft/emp-script-web/src/main/java/com/gdxsoft/web/app/App2CfgBase.java
/Users/admin/java/com.gdxsoft/emp-script-web/src/main/java/com/gdxsoft/web/dao/WxUser.java
/Users/admin/java/com.gdxsoft/emp-script-web/src/main/java/com/gdxsoft/web/message/email/Outlook.java
/Users/admin/java/com.gdxsoft/emp-script-web/src/main/java/com/gdxsoft/web/acl/Login.java
/Users/admin/java/com.gdxsoft/emp-script-web/src/main/java/com/gdxsoft/project/ProjectManager.java
/Users/admin/java/com.gdxsoft/emp-script-web/src/main/java/com/gdxsoft/web/dao/SysMessageInfo.java
/Users/admin/java/com.gdxsoft/emp-script-web/src/main/java/com/gdxsoft/web/weixin/WeiXinPostMsgHandle.java
/Users/admin/java/com.gdxsoft/emp-script-web/src/main/java/com/gdxsoft/web/message/sms/SendSms.java
/Users/admin/java/com.gdxsoft/emp-script-web/src/main/java/com/gdxsoft/web/http/HttpShortUrlVerify.java
/Users/admin/java/com.gdxsoft/emp-script-web/src/main/java/com/gdxsoft/web/shortUrl/UrlShort.java
/Users/admin/java/com.gdxsoft/emp-script-web/src/main/java/com/gdxsoft/project/ProjectBase.java
/Users/admin/java/com.gdxsoft/emp-script-web/src/main/java/com/gdxsoft/web/dao/SiteMain.java
/Users/admin/java/com.gdxsoft/emp-script-web/src/main/java/com/gdxsoft/web/weixin/WeiXinRedPackage.java
/Users/admin/java/com.gdxsoft/emp-script-web/src/main/java/com/gdxsoft/chatRoom/dao/ChatRoom4New.java
/Users/admin/java/com.gdxsoft/emp-script-web/src/main/java/com/gdxsoft/web/doc/DocValMain.java
/Users/admin/java/com.gdxsoft/emp-script-web/src/main/java/com/gdxsoft/chatRoom/EwaAcl.java
/Users/admin/java/com.gdxsoft/emp-script-web/src/main/java/com/gdxsoft/web/job/JobSms.java
/Users/admin/java/com.gdxsoft/emp-script-web/src/main/java/com/gdxsoft/web/dao/WebUserLevel.java
/Users/admin/java/com.gdxsoft/emp-script-web/src/main/java/com/gdxsoft/message/sms/SmsAliImpl.java
/Users/admin/java/com.gdxsoft/emp-script-web/src/main/java/com/gdxsoft/web/dao/GrpMain.java
/Users/admin/java/com.gdxsoft/emp-script-web/src/main/java/com/gdxsoft/web/user/DoLogin.java
/Users/admin/java/com.gdxsoft/emp-script-web/src/main/java/com/gdxsoft/web/dao/GrpMainDao.java
/Users/admin/java/com.gdxsoft/emp-script-web/src/main/java/com/gdxsoft/web/http/IHttp.java
/Users/admin/java/com.gdxsoft/emp-script-web/src/main/java/com/gdxsoft/web/http/HttpOaSysAttView.java
/Users/admin/java/com.gdxsoft/emp-script-web/src/main/java/com/gdxsoft/chatRoom/sdk/ClientChatWsImpl.java
/Users/admin/java/com.gdxsoft/emp-script-web/src/main/java/com/gdxsoft/web/job/JobMailScan.java
/Users/admin/java/com.gdxsoft/emp-script-web/src/main/java/com/gdxsoft/project/ProjectTemplateMark.java
/Users/admin/java/com.gdxsoft/emp-script-web/src/main/java/com/gdxsoft/project/PrjGroupFromTmp.java
/Users/admin/java/com.gdxsoft/emp-script-web/src/main/java/com/gdxsoft/spider/SpiderNewsList.java
/Users/admin/java/com.gdxsoft/emp-script-web/src/main/java/com/gdxsoft/web/dao/OaPrjDao.java
/Users/admin/java/com.gdxsoft/emp-script-web/src/main/java/com/gdxsoft/web/http/HttpShortUrl.java
/Users/admin/java/com.gdxsoft/emp-script-web/src/main/java/com/gdxsoft/chatRoom/dao/ChatRoom.java
/Users/admin/java/com.gdxsoft/emp-script-web/src/main/java/com/gdxsoft/web/app/App.java
/Users/admin/java/com.gdxsoft/emp-script-web/src/main/java/com/gdxsoft/web/acl/CustomerImpl.java
/Users/admin/java/com.gdxsoft/emp-script-web/src/main/java/com/gdxsoft/web/dao/OaPrj.java
/Users/admin/java/com.gdxsoft/emp-script-web/src/main/java/com/gdxsoft/web/http/HttpQRCode.java
/Users/admin/java/com.gdxsoft/emp-script-web/src/main/java/com/gdxsoft/web/job/JobMailBounce.java
/Users/admin/java/com.gdxsoft/emp-script-web/src/main/java/com/gdxsoft/web/dao/CityDao.java
/Users/admin/java/com.gdxsoft/emp-script-web/src/main/java/com/gdxsoft/web/weixin/QyWeiXin.java
/Users/admin/java/com.gdxsoft/emp-script-web/src/main/java/com/gdxsoft/web/http/HttpOaFileView.java
/Users/admin/java/com.gdxsoft/emp-script-web/src/main/java/com/gdxsoft/web/dao/SmsJobDao.java
/Users/admin/java/com.gdxsoft/emp-script-web/src/main/java/com/gdxsoft/chatRoom/dao/ChatCntDao.java
/Users/admin/java/com.gdxsoft/emp-script-web/src/main/java/com/gdxsoft/web/domain/DomainAli.java
/Users/admin/java/com.gdxsoft/emp-script-web/src/main/java/com/gdxsoft/web/site/Site.java
/Users/admin/java/com.gdxsoft/emp-script-web/src/main/java/com/gdxsoft/web/domain/IDomain.java
/Users/admin/java/com.gdxsoft/emp-script-web/src/main/java/com/gdxsoft/web/dao/NwsMain.java
/Users/admin/java/com.gdxsoft/emp-script-web/src/main/java/com/gdxsoft/project/PrjFromTmpBase.java
/Users/admin/java/com.gdxsoft/emp-script-web/src/main/java/com/gdxsoft/web/schedule/Schedule.java
/Users/admin/java/com.gdxsoft/emp-script-web/src/main/java/com/gdxsoft/web/doc/DocTmp.java
/Users/admin/java/com.gdxsoft/emp-script-web/src/main/java/com/gdxsoft/web/user/RegisterOrLogin.java
/Users/admin/java/com.gdxsoft/emp-script-web/src/main/java/com/gdxsoft/web/dao/AdmMenuDao.java
/Users/admin/java/com.gdxsoft/emp-script-web/src/main/java/com/gdxsoft/web/log/LogConsumer.java
/Users/admin/java/com.gdxsoft/emp-script-web/src/main/java/com/gdxsoft/web/dao/AdmAclMnuDao.java
/Users/admin/java/com.gdxsoft/emp-script-web/src/main/java/com/gdxsoft/web/dao/OaPrjCheckLast.java
/Users/admin/java/com.gdxsoft/emp-script-web/src/main/java/com/gdxsoft/web/log/LogOaPrj.java
/Users/admin/java/com.gdxsoft/emp-script-web/src/main/java/com/gdxsoft/web/dao/OaPrjAdmDao.java
/Users/admin/java/com.gdxsoft/emp-script-web/src/main/java/com/gdxsoft/web/dao/OaReqDao.java
/Users/admin/java/com.gdxsoft/emp-script-web/src/main/java/com/google/zxing/client/j2se/MatrixToImageConfig.java
/Users/admin/java/com.gdxsoft/emp-script-web/src/main/java/com/gdxsoft/web/dao/WxUserDao.java
/Users/admin/java/com.gdxsoft/emp-script-web/src/main/java/com/gdxsoft/web/uploadResources/UploadResources.java
/Users/admin/java/com.gdxsoft/emp-script-web/src/main/java/com/gdxsoft/web/dao/LogMainDao.java
/Users/admin/java/com.gdxsoft/emp-script-web/src/main/java/com/gdxsoft/web/http/HttpUploadResource.java
/Users/admin/java/com.gdxsoft/emp-script-web/src/main/java/com/gdxsoft/message/sms/SmsBase.java
/Users/admin/java/com.gdxsoft/emp-script-web/src/main/java/com/gdxsoft/web/dao/SupMainDao.java
/Users/admin/java/com.gdxsoft/emp-script-web/src/main/java/com/gdxsoft/message/sms/SmsTencentImpl.java
/Users/admin/java/com.gdxsoft/emp-script-web/src/main/java/com/gdxsoft/web/dao/SupMain.java
/Users/admin/java/com.gdxsoft/emp-script-web/src/main/java/com/gdxsoft/web/module/HtModule.java
/Users/admin/java/com.gdxsoft/emp-script-web/src/main/java/com/gdxsoft/web/dao/LogMain.java
/Users/admin/java/com.gdxsoft/emp-script-web/src/main/java/com/gdxsoft/web/job/JobCheckAndSendMessages.java
/Users/admin/java/com.gdxsoft/emp-script-web/src/main/java/com/gdxsoft/chatRoom/dao/ChatTopicDao.java
/Users/admin/java/com.gdxsoft/emp-script-web/src/main/java/com/gdxsoft/api/JwtUtils.java
/Users/admin/java/com.gdxsoft/emp-script-web/src/main/java/com/gdxsoft/web/doc/DocPage.java
/Users/admin/java/com.gdxsoft/emp-script-web/src/main/java/com/gdxsoft/web/dao/OaPrjReq.java
/Users/admin/java/com.gdxsoft/emp-script-web/src/main/java/com/gdxsoft/web/dao/SiteMainDao.java
/Users/admin/java/com.gdxsoft/emp-script-web/src/main/java/com/gdxsoft/web/dao/SmsJob.java
/Users/admin/java/com.gdxsoft/emp-script-web/src/main/java/com/gdxsoft/chatRoom/dao/ChatTopic.java
/Users/admin/java/com.gdxsoft/emp-script-web/src/main/java/com/gdxsoft/api/Auth.java
/Users/admin/java/com.gdxsoft/emp-script-web/src/main/java/com/gdxsoft/message/sms/ISms.java
/Users/admin/java/com.gdxsoft/emp-script-web/src/main/java/com/gdxsoft/web/dao/WebUserFpwd.java
/Users/admin/java/com.gdxsoft/emp-script-web/src/main/java/com/gdxsoft/web/dao/SiteNavCatDao.java
/Users/admin/java/com.gdxsoft/emp-script-web/src/main/java/com/gdxsoft/web/dao/WebUserLevelDao.java
